// Jest Snapshot v1, https://goo.gl/fbAQLP

exports[`SelectDialog.vue Should match snapshot 1`] = `<!--v-if-->`;
